Microchip MPLAB XC8 Compiler V1.33 ()

Linker command line:

--edf=C:\Program Files (x86)\Microchip\xc8\v1.33\dat\en_msgs.txt -cs \
  -h+dist/default/production\18.10.2021.X.production.sym \
  --cmf=dist/default/production\18.10.2021.X.production.cmf -z -Q18F45K22 \
  -oC:\Users\FRED-NB\AppData\Local\Temp\s1b4.6 \
  -Mdist/default/production/18.10.2021.X.production.map -E1 -ver=XC8 \
  -ASTACK=060h-05ffh -pstack=STACK -ACODE=00h-07FFFh -ACONST=00h-07FFFh \
  -ASMALLCONST=0600h-06FFhx122 -AMEDIUMCONST=0600h-07FFFh -ACOMRAM=01h-05Fh \
  -AABS1=00h-05FFh -ABIGRAM=01h-05FFh -ARAM=060h-0FFh,0100h-01FFhx5 \
  -ABANK0=060h-0FFh -ABANK1=0100h-01FFh -ABANK2=0200h-02FFh \
  -ABANK3=0300h-03FFh -ABANK4=0400h-04FFh -ABANK5=0500h-05FFh \
  -ASFR=0F38h-0F5Fh,0F60h-0FFFh \
  -preset_vec=00h,intcode=08h,intcodelo,powerup,init,end_init \
  -pramtop=0600h -psmallconst=SMALLCONST -pmediumconst=MEDIUMCONST \
  -pconst=CONST -AFARRAM=00h-00h -ACONFIG=0300000h-030000Dh -pconfig=CONFIG \
  -AIDLOC=0200000h-0200007h -pidloc=IDLOC -AEEDATA=0F00000h-0F000FFh \
  -peeprom_data=EEDATA \
  -prdata=COMRAM,nvrram=COMRAM,nvbit=COMRAM,rbss=COMRAM,rbit=COMRAM \
  -pfarbss=FARRAM,fardata=FARRAM,nvFARRAM=FARRAM \
  -pintsave_regs=BIGRAM,bigbss=BIGRAM,bigdata=BIGRAM -pbss=RAM \
  -pidata=CODE,irdata=CODE,ibigdata=CODE,ifardata=CODE \
  C:\Users\FRED-NB\AppData\Local\Temp\s1b4.obj \
  dist/default/production\18.10.2021.X.production.obj 

Object code version is 3.11

Machine type is 18F45K22

Call graph: (short form)




                Name                               Link     Load   Length Selector   Space Scale
C:\Users\FRED-NB\AppData\Local\Temp\s1b4.obj
                end_init                            100      100        4        4       0
                reset_vec                             0        0        4        0       0
                idloc                            200000   200000        8   200000       0
                config                           300000   300000        E   300000       0
dist/default/production\18.10.2021.X.production.obj
                intcode                               8        8       F8        4       0
                text5                               36E      36E       FC        4       0
                text4                               46A      46A       82        4       0
                text3                               4EC      4EC       66        4       0
                text2                               552      552       56        4       0
                text1                               5DA      5DA       26        4       0
                text0                               104      104      26A        4       0
                cstackCOMRAM                          1        1       40        1       1
                dataCOMRAM                           50       50        B        1       1
                bssCOMRAM                            41       41        F        1       1
                cinit                               5A8      5A8       32        4       0
                idataCOMRAM                         600      600        B        4       0

TOTAL           Name                               Link     Load   Length     Space
        CLASS   STACK          

        CLASS   CODE           
                end_init                            100      100        4         0
                intcode                               8        8       F8         0
                reset_vec                             0        0        4         0
                text5                               36E      36E       FC         0
                text4                               46A      46A       82         0
                text3                               4EC      4EC       66         0
                text2                               552      552       56         0
                text1                               5DA      5DA       26         0
                text0                               104      104      26A         0
                cinit                               5A8      5A8       32         0
                idataCOMRAM                         600      600        B         0

        CLASS   CONST          

        CLASS   SMALLCONST     

        CLASS   MEDIUMCONST    

        CLASS   COMRAM         
                cstackCOMRAM                          1        1       40         1
                dataCOMRAM                           50       50        B         1
                bssCOMRAM                            41       41        F         1

        CLASS   ABS1           

        CLASS   BIGRAM         

        CLASS   RAM            

        CLASS   BANK0          

        CLASS   BANK1          

        CLASS   BANK2          

        CLASS   BANK3          

        CLASS   BANK4          

        CLASS   BANK5          

        CLASS   SFR            

        CLASS   FARRAM         

        CLASS   CONFIG         
                config                           300000   300000        E         0

        CLASS   IDLOC          
                idloc                            200000   200000        8         0

        CLASS   EEDATA         



SEGMENTS        Name                           Load    Length   Top    Selector   Space  Class

                reset_vec                      000000  000004  000004         0       0  CODE    
                cstackCOMRAM                   000001  00005A  00005B         1       1  COMRAM  
                intcode                        000008  000603  00060B         4       0  CODE    
                idloc                          200000  000008  200008    200000       0  IDLOC   
                config                         300000  00000E  30000E    300000       0  CONFIG  


UNUSED ADDRESS RANGES

        Name                Unused          Largest block    Delta
        BANK0            000060-0000FF               A0
        BANK1            000100-0001FF              100
        BANK2            000200-0002FF              100
        BANK3            000300-0003FF              100
        BANK4            000400-0004FF              100
        BANK5            000500-0005FF              100
        BIGRAM           00005B-0005FF              5A5
        CODE             000004-000007                4
                         00060B-007FFF             79F5
        COMRAM           00005B-00005F                5
        CONST            000004-000007                4
                         00060B-007FFF             79F5
        EEDATA           F00000-F000FF              100
        MEDIUMCONST      00060B-007FFF             79F5
        RAM              000060-0005FF              100
        SFR              000F38-000FFF               28
        SMALLCONST       00060B-007FFF              100
        STACK            000060-0005FF              5A0

                                  Symbol Table

?___aldiv                cstackCOMRAM 00001E
?___lldiv                cstackCOMRAM 000018
?___llmod                cstackCOMRAM 000012
?___lmul                 cstackCOMRAM 000012
?___wmul                 cstackCOMRAM 000012
_ADCON0bits              (abs)        000FC2
_ADCON1                  (abs)        000FC1
_ADCON2                  (abs)        000FC0
_ADRESH                  (abs)        000FC4
_ADRESL                  (abs)        000FC3
_ANSELA                  (abs)        000F38
_ANSELD                  (abs)        000F3B
_ANSELE                  (abs)        000F3C
_GIE                     (abs)        007F97
_GODONE                  (abs)        007E11
_PEIE                    (abs)        007F96
_PORTA                   (abs)        000F80
_PORTD                   (abs)        000F83
_T0CON                   (abs)        000FD5
_TMR0                    (abs)        000FD6
_TMR0IE                  (abs)        007F95
_TMR0IF                  (abs)        007F92
_TRISA                   (abs)        000F92
_TRISD                   (abs)        000F95
_TRISE                   (abs)        000F96
__CFG_FOSC$HSHP          (abs)        000000
__CFG_WDTEN$OFF          (abs)        000000
__HRAM                   (abs)        000000
__Habs1                  abs1         000000
__Hbank0                 bank0        000000
__Hbank1                 bank1        000000
__Hbank2                 bank2        000000
__Hbank3                 bank3        000000
__Hbank4                 bank4        000000
__Hbank5                 bank5        000000
__Hbigbss                bigbss       000000
__Hbigdata               bigdata      000000
__Hbigram                bigram       000000
__Hbss                   bss          000000
__HbssCOMRAM             bssCOMRAM    000000
__Hcinit                 cinit        000000
__Hclrtext               clrtext      000000
__Hcomram                comram       000000
__Hconfig                config       30000E
__Hconst                 const        000000
__HcstackCOMRAM          cstackCOMRAM 000000
__Hdata                  data         000000
__HdataCOMRAM            dataCOMRAM   000000
__Heeprom_data           eeprom_data  000000
__Hend_init              end_init     000104
__Hfarbss                farbss       000000
__Hfardata               fardata      000000
__Hibigdata              ibigdata     000000
__Hidata                 idata        000000
__HidataCOMRAM           idataCOMRAM  000000
__Hidloc                 idloc        200008
__Hifardata              ifardata     000000
__Hinit                  init         000100
__Hintcode               intcode      000100
__Hintcode_body          intcode_body 000000
__Hintcodelo             intcodelo    000100
__Hintentry              intentry     000000
__Hintret                intret       000000
__Hintsave_regs          intsave_regs 000000
__Hirdata                irdata       000000
__Hmediumconst           mediumconst  000000
__HnvFARRAM              nvFARRAM     000000
__Hnvbit                 nvbit        000000
__Hnvrram                nvrram       000000
__Hparam                 rparam       000000
__Hpowerup               powerup      000100
__Hram                   ram          000000
__Hramtop                ramtop       000600
__Hrbit                  rbit         000000
__Hrbss                  rbss         000000
__Hrdata                 rdata        000000
__Hreset_vec             reset_vec    000004
__Hrparam                rparam       000000
__Hsfr                   sfr          000000
__Hsmallconst            smallconst   000000
__Hspace_0               (abs)        30000E
__Hspace_1               (abs)        00005B
__Hspace_2               (abs)        000000
__Hstack                 stack        000000
__Hstruct                struct       000000
__Htemp                  temp         000000
__Htext                  text         000000
__Htext0                 text0        000000
__Htext1                 text1        000000
__Htext2                 text2        000000
__Htext3                 text3        000000
__Htext4                 text4        000000
__Htext5                 text5        000000
__LRAM                   (abs)        000001
__Labs1                  abs1         000000
__Lbank0                 bank0        000000
__Lbank1                 bank1        000000
__Lbank2                 bank2        000000
__Lbank3                 bank3        000000
__Lbank4                 bank4        000000
__Lbank5                 bank5        000000
__Lbigbss                bigbss       000000
__Lbigdata               bigdata      000000
__Lbigram                bigram       000000
__Lbss                   bss          000000
__LbssCOMRAM             bssCOMRAM    000000
__Lcinit                 cinit        000000
__Lclrtext               clrtext      000000
__Lcomram                comram       000000
__Lconfig                config       300000
__Lconst                 const        000000
__LcstackCOMRAM          cstackCOMRAM 000000
__Ldata                  data         000000
__LdataCOMRAM            dataCOMRAM   000000
__Leeprom_data           eeprom_data  000000
__Lend_init              end_init     000100
__Lfarbss                farbss       000000
__Lfardata               fardata      000000
__Libigdata              ibigdata     000000
__Lidata                 idata        000000
__LidataCOMRAM           idataCOMRAM  000000
__Lidloc                 idloc        200000
__Lifardata              ifardata     000000
__Linit                  init         000100
__Lintcode               intcode      000008
__Lintcode_body          intcode_body 000000
__Lintcodelo             intcodelo    000100
__Lintentry              intentry     000000
__Lintret                intret       000000
__Lintsave_regs          intsave_regs 000000
__Lirdata                irdata       000000
__Lmediumconst           mediumconst  000000
__LnvFARRAM              nvFARRAM     000000
__Lnvbit                 nvbit        000000
__Lnvrram                nvrram       000000
__Lparam                 rparam       000000
__Lpowerup               powerup      000100
__Lram                   ram          000000
__Lramtop                ramtop       000600
__Lrbit                  rbit         000000
__Lrbss                  rbss         000000
__Lrdata                 rdata        000000
__Lreset_vec             reset_vec    000000
__Lrparam                rparam       000000
__Lsfr                   sfr          000000
__Lsmallconst            smallconst   000000
__Lspace_0               (abs)        000000
__Lspace_1               (abs)        000000
__Lspace_2               (abs)        000000
__Lstack                 stack        000000
__Lstruct                struct       000000
__Ltemp                  temp         000000
__Ltext                  text         000000
__Ltext0                 text0        000000
__Ltext1                 text1        000000
__Ltext2                 text2        000000
__Ltext3                 text3        000000
__Ltext4                 text4        000000
__Ltext5                 text5        000000
__S0                     (abs)        30000E
__S1                     (abs)        00005B
__S2                     (abs)        000000
___aldiv                 text5        00036E
___aldiv@counter         cstackCOMRAM 000026
___aldiv@dividend        cstackCOMRAM 00001E
___aldiv@divisor         cstackCOMRAM 000022
___aldiv@quotient        cstackCOMRAM 000028
___aldiv@sign            cstackCOMRAM 000027
___inthi_sp              stack        000000
___intlo_sp              stack        000000
___lldiv                 text4        00046A
___lldiv@counter         cstackCOMRAM 000024
___lldiv@dividend        cstackCOMRAM 000018
___lldiv@divisor         cstackCOMRAM 00001C
___lldiv@quotient        cstackCOMRAM 000020
___llmod                 text3        0004EC
___llmod@counter         cstackCOMRAM 00001A
___llmod@dividend        cstackCOMRAM 000012
___llmod@divisor         cstackCOMRAM 000016
___lmul                  text2        000552
___lmul@multiplicand     cstackCOMRAM 000016
___lmul@multiplier       cstackCOMRAM 000012
___lmul@product          cstackCOMRAM 00001A
___sp                    stack        000000
___wmul                  text1        0005DA
___wmul@multiplicand     cstackCOMRAM 000014
___wmul@multiplier       cstackCOMRAM 000012
___wmul@product          cstackCOMRAM 000016
__accesstop              (abs)        000060
__activetblptr           (abs)        000000
__end_of___aldiv         text5        00046A
__end_of___lldiv         text4        0004EC
__end_of___llmod         text3        000552
__end_of___lmul          text2        0005A8
__end_of___wmul          text1        000600
__end_of__initialization cinit        0005D4
__end_of_isr             intcode      000100
__end_of_main            text0        00036E
__initialization         cinit        0005A8
__mediumconst            mediumconst  000000
__pbssCOMRAM             bssCOMRAM    000041
__pcinit                 cinit        0005A8
__pcstackCOMRAM          cstackCOMRAM 000001
__pdataCOMRAM            dataCOMRAM   000050
__pidataCOMRAM           idataCOMRAM  000600
__pintcode               intcode      000008
__ptext0                 text0        000104
__ptext1                 text1        0005DA
__ptext2                 text2        000552
__ptext3                 text3        0004EC
__ptext4                 text4        00046A
__ptext5                 text5        00036E
__ramtop                 ramtop       000600
__size_of___aldiv        (abs)        000000
__size_of___lldiv        (abs)        000000
__size_of___llmod        (abs)        000000
__size_of___lmul         (abs)        000000
__size_of___wmul         (abs)        000000
__size_of_isr            (abs)        000000
__size_of_main           (abs)        000000
__smallconst             smallconst   000000
_analog                  bssCOMRAM    00004D
_cnt                     bssCOMRAM    000049
_cnt2                    bssCOMRAM    00004B
_dig_cnt                 bssCOMRAM    00004F
_digits                  bssCOMRAM    000041
_isr                     intcode      000008
_main                    text0        000104
_seg_char                dataCOMRAM   000050
_temp                    bssCOMRAM    000045
end_of_initialization    cinit        0005D4
intlevel0                text         000000
intlevel1                text         000000
intlevel2                text         000000
intlevel3                text         000000
stackhi                  (abs)        0005FF
stacklo                  (abs)        000060
start                    init         000100
start_initialization     cinit        0005A8


FUNCTION INFORMATION:

 *************** function _main *****************
 Defined at:
		line 24 in file "C:/Users/FRED-NB/MPLABXProjects/18.10.2021.X/newmain.c"
 Parameters:    Size  Location     Type
  argc            2   43[COMRAM] int 
  argv            3   45[COMRAM] PTR PTR unsigned char 
 Auto vars:     Size  Location     Type
		None
 Return value:  Size  Location     Type
                  2   43[COMRAM] int 
 Registers used:
		wreg, status,2, status,0, prodl, prodh, cstack
 Tracked objects:
		On entry : 
		On exit  : 
		Unchanged: 
 Data sizes:     COMRAM   BANK0   BANK1   BANK2   BANK3   BANK4   BANK5
      Params:         5       0       0       0       0       0       0
      Locals:         0       0       0       0       0       0       0
      Temps:         16       0       0       0       0       0       0
      Totals:        21       0       0       0       0       0       0
Total ram usage:       21 bytes
 Hardware stack levels required when called:    2
 This function calls:
		___aldiv
		___lldiv
		___llmod
		___lmul
		___wmul
 This function is called by:
		Startup code after reset
 This function uses a non-reentrant model


 *************** function ___wmul *****************
 Defined at:
		line 15 in file "C:\Program Files (x86)\Microchip\xc8\v1.33\sources\common\Umul16.c"
 Parameters:    Size  Location     Type
  multiplier      2   17[COMRAM] unsigned int 
  multiplicand    2   19[COMRAM] unsigned int 
 Auto vars:     Size  Location     Type
  product         2   21[COMRAM] unsigned int 
 Return value:  Size  Location     Type
                  2   17[COMRAM] unsigned int 
 Registers used:
		wreg, status,2, status,0, prodl, prodh
 Tracked objects:
		On entry : 
		On exit  : 
		Unchanged: 
 Data sizes:     COMRAM   BANK0   BANK1   BANK2   BANK3   BANK4   BANK5
      Params:         4       0       0       0       0       0       0
      Locals:         2       0       0       0       0       0       0
      Temps:          0       0       0       0       0       0       0
      Totals:         6       0       0       0       0       0       0
Total ram usage:        6 bytes
 Hardware stack levels used:    1
 Hardware stack levels required when called:    1
 This function calls:
		Nothing
 This function is called by:
		_main
 This function uses a non-reentrant model


 *************** function ___lmul *****************
 Defined at:
		line 15 in file "C:\Program Files (x86)\Microchip\xc8\v1.33\sources\common\Umul32.c"
 Parameters:    Size  Location     Type
  multiplier      4   17[COMRAM] unsigned long 
  multiplicand    4   21[COMRAM] unsigned long 
 Auto vars:     Size  Location     Type
  product         4   25[COMRAM] unsigned long 
 Return value:  Size  Location     Type
                  4   17[COMRAM] unsigned long 
 Registers used:
		wreg, status,2, status,0
 Tracked objects:
		On entry : 
		On exit  : 
		Unchanged: 
 Data sizes:     COMRAM   BANK0   BANK1   BANK2   BANK3   BANK4   BANK5
      Params:         8       0       0       0       0       0       0
      Locals:         4       0       0       0       0       0       0
      Temps:          0       0       0       0       0       0       0
      Totals:        12       0       0       0       0       0       0
Total ram usage:       12 bytes
 Hardware stack levels used:    1
 Hardware stack levels required when called:    1
 This function calls:
		Nothing
 This function is called by:
		_main
 This function uses a non-reentrant model


 *************** function ___llmod *****************
 Defined at:
		line 8 in file "C:\Program Files (x86)\Microchip\xc8\v1.33\sources\common\llmod.c"
 Parameters:    Size  Location     Type
  dividend        4   17[COMRAM] unsigned long 
  divisor         4   21[COMRAM] unsigned long 
 Auto vars:     Size  Location     Type
  counter         1   25[COMRAM] unsigned char 
 Return value:  Size  Location     Type
                  4   17[COMRAM] unsigned long 
 Registers used:
		wreg, status,2, status,0
 Tracked objects:
		On entry : 
		On exit  : 
		Unchanged: 
 Data sizes:     COMRAM   BANK0   BANK1   BANK2   BANK3   BANK4   BANK5
      Params:         8       0       0       0       0       0       0
      Locals:         1       0       0       0       0       0       0
      Temps:          0       0       0       0       0       0       0
      Totals:         9       0       0       0       0       0       0
Total ram usage:        9 bytes
 Hardware stack levels used:    1
 Hardware stack levels required when called:    1
 This function calls:
		Nothing
 This function is called by:
		_main
 This function uses a non-reentrant model


 *************** function ___lldiv *****************
 Defined at:
		line 8 in file "C:\Program Files (x86)\Microchip\xc8\v1.33\sources\common\lldiv.c"
 Parameters:    Size  Location     Type
  dividend        4   23[COMRAM] unsigned long 
  divisor         4   27[COMRAM] unsigned long 
 Auto vars:     Size  Location     Type
  quotient        4   31[COMRAM] unsigned long 
  counter         1   35[COMRAM] unsigned char 
 Return value:  Size  Location     Type
                  4   23[COMRAM] unsigned long 
 Registers used:
		wreg, status,2, status,0
 Tracked objects:
		On entry : 
		On exit  : 
		Unchanged: 
 Data sizes:     COMRAM   BANK0   BANK1   BANK2   BANK3   BANK4   BANK5
      Params:         8       0       0       0       0       0       0
      Locals:         5       0       0       0       0       0       0
      Temps:          0       0       0       0       0       0       0
      Totals:        13       0       0       0       0       0       0
Total ram usage:       13 bytes
 Hardware stack levels used:    1
 Hardware stack levels required when called:    1
 This function calls:
		Nothing
 This function is called by:
		_main
 This function uses a non-reentrant model


 *************** function ___aldiv *****************
 Defined at:
		line 8 in file "C:\Program Files (x86)\Microchip\xc8\v1.33\sources\common\aldiv.c"
 Parameters:    Size  Location     Type
  dividend        4   29[COMRAM] long 
  divisor         4   33[COMRAM] long 
 Auto vars:     Size  Location     Type
  quotient        4   39[COMRAM] long 
  sign            1   38[COMRAM] unsigned char 
  counter         1   37[COMRAM] unsigned char 
 Return value:  Size  Location     Type
                  4   29[COMRAM] long 
 Registers used:
		wreg, status,2, status,0
 Tracked objects:
		On entry : 
		On exit  : 
		Unchanged: 
 Data sizes:     COMRAM   BANK0   BANK1   BANK2   BANK3   BANK4   BANK5
      Params:         8       0       0       0       0       0       0
      Locals:         6       0       0       0       0       0       0
      Temps:          0       0       0       0       0       0       0
      Totals:        14       0       0       0       0       0       0
Total ram usage:       14 bytes
 Hardware stack levels used:    1
 Hardware stack levels required when called:    1
 This function calls:
		Nothing
 This function is called by:
		_main
 This function uses a non-reentrant model


 *************** function _isr *****************
 Defined at:
		line 76 in file "C:/Users/FRED-NB/MPLABXProjects/18.10.2021.X/newmain.c"
 Parameters:    Size  Location     Type
		None
 Auto vars:     Size  Location     Type
		None
 Return value:  Size  Location     Type
		None               void
 Registers used:
		wreg, fsr2l, fsr2h, status,2, status,0, prodl, prodh
 Tracked objects:
		On entry : 
		On exit  : 
		Unchanged: 
 Data sizes:     COMRAM   BANK0   BANK1   BANK2   BANK3   BANK4   BANK5
      Params:         0       0       0       0       0       0       0
      Locals:         0       0       0       0       0       0       0
      Temps:         17       0       0       0       0       0       0
      Totals:        17       0       0       0       0       0       0
Total ram usage:       17 bytes
 Hardware stack levels used:    1
 This function calls:
		Nothing
 This function is called by:
		Interrupt level 2
 This function uses a non-reentrant model



MODULE INFORMATION

Module		Function		Class		Link	Load	Size
C:\Program Files (x86)\Microchip\xc8\v1.33\sources\common\Umul16.c
		___wmul        		CODE           	05DA	0000	38

C:\Program Files (x86)\Microchip\xc8\v1.33\sources\common\Umul16.c estimated size: 38

C:\Program Files (x86)\Microchip\xc8\v1.33\sources\common\llmod.c
		___llmod       		CODE           	04EC	0000	102

C:\Program Files (x86)\Microchip\xc8\v1.33\sources\common\llmod.c estimated size: 102

C:\Program Files (x86)\Microchip\xc8\v1.33\sources\common\Umul32.c
		___lmul        		CODE           	0552	0000	86

C:\Program Files (x86)\Microchip\xc8\v1.33\sources\common\Umul32.c estimated size: 86

C:\Program Files (x86)\Microchip\xc8\v1.33\sources\common\lldiv.c
		___lldiv       		CODE           	046A	0000	130

C:\Program Files (x86)\Microchip\xc8\v1.33\sources\common\lldiv.c estimated size: 130

shared
		__initializatio		CODE           	05A8	0000	44

shared estimated size: 44

C:\Program Files (x86)\Microchip\xc8\v1.33\sources\common\aldiv.c
		___aldiv       		CODE           	036E	0000	252

C:\Program Files (x86)\Microchip\xc8\v1.33\sources\common\aldiv.c estimated size: 252

C:/Users/FRED-NB/MPLABXProjects/18.10.2021.X/newmain.c
		_main          		CODE           	0104	0000	618
		_isr           		CODE           	0008	0000	248

C:/Users/FRED-NB/MPLABXProjects/18.10.2021.X/newmain.c estimated size: 866

